[0.005s][info][gc] Using Serial
[4.258s][info][gc] GC(0) Pause Young (Allocation Failure) 5M->2M(19M) 3.402ms
[4.331s][info][gc] GC(1) Pause Young (Allocation Failure) 8M->3M(19M) 3.084ms
[6.303s][info][gc] GC(2) Pause Young (Allocation Failure) 8M->3M(19M) 2.233ms
[7.474s][info][gc] GC(3) Pause Young (Allocation Failure) 8M->4M(19M) 2.903ms
[40.203s][info][gc] GC(4) Pause Young (Allocation Failure) 9M->4M(19M) 1.839ms
[40.216s][info][gc] GC(5) Pause Young (Allocation Failure) 9M->4M(19M) 0.661ms
[40.228s][info][gc] GC(6) Pause Young (Allocation Failure) 9M->4M(19M) 0.751ms
[40.233s][info][gc] GC(7) Pause Young (Allocation Failure) 9M->4M(19M) 0.549ms
[40.241s][info][gc] GC(8) Pause Young (Allocation Failure) 10M->4M(19M) 0.547ms
[40.245s][info][gc] GC(9) Pause Young (Allocation Failure) 10M->4M(19M) 0.564ms
[46.515s][info][gc] GC(10) Pause Young (Allocation Failure) 9M->4M(19M) 0.767ms
[92.519s][info][gc] GC(11) Pause Young (Allocation Failure) 10M->4M(19M) 1.100ms
[139.559s][info][gc] GC(12) Pause Young (Allocation Failure) 10M->4M(19M) 0.801ms
[142.377s][info][gc] GC(13) Pause Young (Allocation Failure) 10M->4M(19M) 0.730ms
[142.382s][info][gc] GC(14) Pause Young (Allocation Failure) 9M->4M(19M) 0.676ms
[142.386s][info][gc] GC(15) Pause Young (Allocation Failure) 10M->4M(19M) 0.639ms
[142.391s][info][gc] GC(16) Pause Young (Allocation Failure) 10M->4M(19M) 0.626ms
[142.395s][info][gc] GC(17) Pause Young (Allocation Failure) 9M->4M(19M) 0.790ms
[142.400s][info][gc] GC(18) Pause Young (Allocation Failure) 10M->4M(19M) 0.806ms
[185.640s][info][gc] GC(19) Pause Young (Allocation Failure) 10M->4M(19M) 0.886ms
